../Core/Src/main.c:67:6:map	24	static
../Core/Src/main.c:71:6:delayUs	16	static
../Core/Src/main.c:83:6:HAL_TIM_IC_CaptureCallback	16	static
../Core/Src/main.c:110:10:getDistance	8	static
../Core/Src/main.c:127:5:main	24	static
../Core/Src/main.c:188:6:SystemClock_Config	88	static
../Core/Src/main.c:230:13:MX_TIM1_Init	96	static
../Core/Src/main.c:305:13:MX_TIM3_Init	48	static
../Core/Src/main.c:363:13:MX_TIM11_Init	8	static
../Core/Src/main.c:394:13:MX_USART2_UART_Init	8	static
../Core/Src/main.c:427:13:MX_GPIO_Init	32	static
../Core/Src/main.c:458:6:Error_Handler	4	static,ignoring_inline_asm
